Archive member included to satisfy reference by file (symbol)

./libcsud.a(keyboard.c.o)     build/keyboard.o (KeyboardGetAddress)
./libcsud.a(platform.c.o)     ./libcsud.a(keyboard.c.o) (MemoryAllocate)
./libcsud.a(usbd.c.o)         build/main.o (UsbInitialise)
./libcsud.a(configuration.c.o)
                              ./libcsud.a(usbd.c.o) (ConfigurationLoad)
./libcsud.a(hub.c.o)          ./libcsud.a(configuration.c.o) (HubLoad)
./libcsud.a(hid.c.o)          ./libcsud.a(keyboard.c.o) (HidUsageAttach)
./libcsud.a(mouse.c.o)        ./libcsud.a(configuration.c.o) (MouseLoad)
./libcsud.a(designware20.c.o)
                              ./libcsud.a(usbd.c.o) (HcdSumbitControlMessage)
./libcsud.a(roothub.c.o)      ./libcsud.a(designware20.c.o) (RootHubDeviceNumber)
./libcsud.a(broadcom2835.c.o)
                              ./libcsud.a(usbd.c.o) (MicroDelay)
./libcsud.a(armv6.c.o)        ./libcsud.a(designware20.c.o) (__aeabi_uidiv)

Allocating common symbols
Common symbol       size              file

CorePhysical        0x4               ./libcsud.a(designware20.c.o)
mice                0x10              ./libcsud.a(mouse.c.o)
InterfaceClassAttach
                    0x40              ./libcsud.a(usbd.c.o)
HostPhysical        0x4               ./libcsud.a(designware20.c.o)
Devices             0x80              ./libcsud.a(usbd.c.o)
HidUsageAttach      0x28              ./libcsud.a(hid.c.o)
keyboards           0x10              ./libcsud.a(keyboard.c.o)
PowerPhysical       0x4               ./libcsud.a(designware20.c.o)
Heap                0x4000            ./libcsud.a(platform.c.o)
Allocations         0xc00             ./libcsud.a(platform.c.o)

Memory Configuration

Name             Origin             Length             Attributes
*default*        0x0000000000000000 0xffffffffffffffff

Linker script and memory map

LOAD build/drawing.o
LOAD build/framebuffer.o
LOAD build/gpio.o
LOAD build/keyboard.o
LOAD build/mailbox.o
LOAD build/main.o
LOAD build/math.o
LOAD build/random.o
LOAD build/systemTimer.o
LOAD build/tags.o
LOAD build/terminal.o
LOAD build/text.o
LOAD ./libcsud.a

.init           0x0000000000008000        0x4
 *(.init)
 .init          0x0000000000008000        0x4 build/main.o
                0x0000000000008000                _start

.text           0x0000000000008004    0x109c8
 *(.text)
 .text          0x0000000000008004      0x1d4 build/drawing.o
                0x0000000000008004                SetForeColour
                0x0000000000008018                SetGraphicsAddress
                0x0000000000008024                DrawPixel
                0x000000000000806c                DrawLine
                0x00000000000080e8                DrawCharacter
                0x0000000000008158                DrawString
 .text          0x00000000000081d8       0x60 build/framebuffer.o
                0x00000000000081d8                InitialiseFrameBuffer
 .text          0x0000000000008238       0x98 build/gpio.o
                0x0000000000008238                GetGpioAddress
                0x0000000000008240                SetGpioFunction
                0x0000000000008290                SetGpio
 .text          0x00000000000082d0      0x140 build/keyboard.o
                0x00000000000082d0                KeyboardUpdate
                0x0000000000008354                KeyWasDown
                0x0000000000008384                KeyboardGetChar
 .text          0x0000000000008410       0x78 build/mailbox.o
                0x0000000000008410                GetMailboxBase
                0x0000000000008418                MailboxWrite
                0x000000000000844c                MailboxRead
 .text          0x0000000000008488       0xa4 build/main.o
 .text          0x000000000000852c       0x48 build/math.o
                0x000000000000852c                DivideU32
 .text          0x0000000000008574       0x18 build/random.o
                0x0000000000008574                Random
 .text          0x000000000000858c       0x40 build/systemTimer.o
                0x000000000000858c                GetTimerAddress
                0x0000000000008594                GetTimeStamp
                0x00000000000085a4                TimerFunction
 .text          0x00000000000085cc       0x70 build/tags.o
                0x00000000000085cc                FindTag
 .text          0x000000000000863c      0x488 build/terminal.o
                0x0000000000008674                TerminalDisplay
                0x000000000000871c                TerminalClear
                0x0000000000008734                Print
                0x000000000000880c                ReadLine
                0x00000000000088f4                HardCodeFunctions
 .text          0x0000000000008ac4      0x1e4 build/text.o
                0x0000000000008ac4                ReverseString
                0x0000000000008af0                UnsignedString
                0x0000000000008b40                SignedString
                0x0000000000008b6c                FormatString
 .text          0x0000000000008ca8     0x2238 ./libcsud.a(keyboard.c.o)
                0x0000000000008ca8                KbdLoad
                0x0000000000008d34                KeyboardIndex
                0x0000000000008dc0                KeyboardGetAddress
                0x0000000000008e64                KeyboardDetached
                0x0000000000008fa4                KeyboardDeallocate
                0x0000000000009084                KeyboardAttach
                0x0000000000009fc4                KeyboardCount
                0x0000000000009fe8                KeyboardSetLeds
                0x000000000000a38c                KeyboardGetLedSupport
                0x000000000000a414                KeyboardPoll
                0x000000000000abb8                KeyboardGetModifiers
                0x000000000000ac40                KeyboardGetKeyDownCount
                0x000000000000acec                KeyboadGetKeyIsDown
                0x000000000000ae0c                KeyboardGetKeyDown
 .text          0x000000000000aee0      0xca0 ./libcsud.a(platform.c.o)
                0x000000000000aee0                MemoryReserve
                0x000000000000af08                MemoryAllocate
                0x000000000000b8b0                MemoryDeallocate
                0x000000000000ba54                MemoryCopy
                0x000000000000bb48                PlatformLoad
 .text          0x000000000000bb80     0x1b54 ./libcsud.a(usbd.c.o)
                0x000000000000bbe0                UsbGetRootHub
                0x000000000000bc04                UsbLoad
                0x000000000000bc90                UsbInitialise
                0x000000000000bd28                UsbControlMessage
                0x000000000000be54                UsbGetDescriptor
                0x000000000000bfdc                UsbGetString
                0x000000000000c088                UsbReadStringLang
                0x000000000000c168                UsbReadString
                0x000000000000c368                UsbReadDeviceDescriptor
                0x000000000000c560                UsbSetAddress
                0x000000000000c698                UsbSetConfiguration
                0x000000000000c7d4                UsbConfigure
                0x000000000000cb44                UsbGetDescription
                0x000000000000cf78                UsbAttachDevice
                0x000000000000d308                UsbAllocateDevice
                0x000000000000d494                UsbDeallocateDevice
                0x000000000000d5e8                UsbAttachRootHub
                0x000000000000d674                UsbCheckForChange
 .text          0x000000000000d6d4       0x30 ./libcsud.a(configuration.c.o)
                0x000000000000d6d4                ConfigurationLoad
 .text          0x000000000000d704     0x20e8 ./libcsud.a(hub.c.o)
                0x000000000000d764                HubLoad
                0x000000000000d790                HubReadDescriptor
                0x000000000000d95c                HubGetStatus
                0x000000000000da88                HubPortGetStatus
                0x000000000000dbe8                HubChangeFeature
                0x000000000000dd18                HubChangePortFeature
                0x000000000000de78                HubPowerOn
                0x000000000000df70                HubPortReset
                0x000000000000e13c                HubPortConnectionChanged
                0x000000000000e6d0                HubDetached
                0x000000000000e8d4                HubDeallocate
                0x000000000000eb10                HubCheckForChange
                0x000000000000ed2c                HubChildDetached
                0x000000000000ee54                HubChildReset
                0x000000000000ef64                HubCheckConnectionDevice
                0x000000000000f104                HubCheckConnection
                0x000000000000f300                HubAttach
 .text          0x000000000000f7ec     0x413c ./libcsud.a(hid.c.o)
                0x000000000000f84c                HidLoad
                0x000000000000f878                HidGetReport
                0x000000000000f9e8                HidSetReport
                0x000000000000fb4c                BitSet
                0x000000000000fe30                BitGetUnsigned
                0x0000000000010080                BitGetSigned
                0x0000000000010104                HidReadDevice
                0x0000000000010514                HidWriteDevice
                0x0000000000010860                HidSetProtocol
                0x000000000001097c                HidEnumerateReport
                0x0000000000010bb0                HidEnumerateActionCountReport
                0x0000000000010de4                HidEnumerateActionCountField
                0x000000000001109c                HidEnumerateActionAddField
                0x0000000000012758                HidParseReportDescriptor
                0x0000000000012db4                HidDetached
                0x0000000000012e5c                HidDeallocate
                0x0000000000013190                HidAttach
                0x00000000000138d4                HidGetFieldValue
 .text          0x0000000000013928     0x10e8 ./libcsud.a(mouse.c.o)
                0x0000000000013928                MouseLoad
                0x00000000000139b4                MouseIndex
                0x0000000000013a40                MouseGetAddress
                0x0000000000013ae4                MouseDetached
                0x0000000000013c24                MouseDeallocate
                0x0000000000013d04                MouseAttach
                0x00000000000141f4                MouseCount
                0x0000000000014218                MousePoll
                0x00000000000145b0                MouseGetPositionX
                0x0000000000014654                MouseGetPositionY
                0x00000000000146f8                MouseGetWheel
                0x000000000001479c                MouseGetPosition
                0x0000000000014874                MouseGetButtons
                0x00000000000148fc                MouseGetButtonIsPressed
 .text          0x0000000000014a10     0x311c ./libcsud.a(designware20.c.o)
                0x0000000000014a74                DwcLoad
                0x0000000000014a8c                WriteThroughReg
                0x0000000000014ab8                WriteThroughRegMask
                0x0000000000014c10                ReadBackReg
                0x0000000000014dd4                ClearReg
                0x0000000000014ed0                SetReg
                0x0000000000015050                HcdReset
                0x0000000000015168                HcdTransmitFifoFlush
                0x0000000000015290                HcdReceiveFifoFlush
                0x0000000000015354                HcdPrepareChannel
                0x0000000000015af8                HcdTransmitChannel
                0x0000000000015cc8                HcdChannelInterruptToError
                0x0000000000015e84                HcdChannelSendWaitOne
                0x00000000000165dc                HcdChannelSendWait
                0x0000000000016898                HcdSumbitControlMessage
                0x0000000000016d90                HcdInitialise
                0x000000000001705c                HcdStart
                0x0000000000017a64                HcdStop
                0x0000000000017aa4                HcdDeinitialise
 .text          0x0000000000017b2c      0xbf4 ./libcsud.a(roothub.c.o)
                0x0000000000017b2c                HcdProcessRootHubMessage
 .text          0x0000000000018720      0x128 ./libcsud.a(broadcom2835.c.o)
                0x0000000000018720                Bcm2835Load
                0x0000000000018738                MicroDelay
                0x00000000000187a8                PowerOnUsb
 .text          0x0000000000018848      0x184 ./libcsud.a(armv6.c.o)
                0x0000000000018848                Arm6Load
                0x0000000000018860                __aeabi_uidivmod
                0x0000000000018994                __aeabi_uidiv

.rodata         0x00000000000189cc      0x24d
 .rodata        0x00000000000189cc      0x24d ./libcsud.a(usbd.c.o)

.glue_7         0x0000000000018c1c        0x0
 .glue_7        0x0000000000018c1c        0x0 linker stubs

.glue_7t        0x0000000000018c1c        0x0
 .glue_7t       0x0000000000018c1c        0x0 linker stubs

.vfp11_veneer   0x0000000000018c1c        0x0
 .vfp11_veneer  0x0000000000018c1c        0x0 linker stubs

.v4_bx          0x0000000000018c1c        0x0
 .v4_bx         0x0000000000018c1c        0x0 linker stubs

.iplt           0x0000000000018c1c        0x0
 .iplt          0x0000000000018c1c        0x0 build/drawing.o

.rel.dyn        0x0000000000018c1c        0x0
 .rel.iplt      0x0000000000018c1c        0x0 build/drawing.o

.data           0x0000000000018d00     0xbb65
 *(.data)
 .data          0x0000000000018d00      0x810 build/drawing.o
 .data          0x0000000000019510       0x28 build/framebuffer.o
                0x0000000000019510                FrameBufferInfo
 .data          0x0000000000019538        0x0 build/gpio.o
 .data          0x0000000000019538       0xe0 build/keyboard.o
 .data          0x0000000000019618        0x0 build/mailbox.o
 .data          0x0000000000019618        0x0 build/main.o
 .data          0x0000000000019618        0x0 build/math.o
 .data          0x0000000000019618        0x0 build/random.o
 .data          0x0000000000019618        0x0 build/systemTimer.o
 .data          0x0000000000019618       0x24 build/tags.o
 *fill*         0x000000000001963c       0xc4 
 .data          0x0000000000019700     0xb100 build/terminal.o
 .data          0x0000000000024800        0x0 build/text.o
 .data          0x0000000000024800        0x0 ./libcsud.a(keyboard.c.o)
 .data          0x0000000000024800        0x4 ./libcsud.a(platform.c.o)
                0x0000000000024800                FirstAllocation
 .data          0x0000000000024804        0x0 ./libcsud.a(usbd.c.o)
 .data          0x0000000000024804        0x0 ./libcsud.a(configuration.c.o)
 .data          0x0000000000024804        0x0 ./libcsud.a(hub.c.o)
 .data          0x0000000000024804        0x0 ./libcsud.a(hid.c.o)
 .data          0x0000000000024804        0x0 ./libcsud.a(mouse.c.o)
 .data          0x0000000000024804        0x0 ./libcsud.a(designware20.c.o)
 .data          0x0000000000024804       0x61 ./libcsud.a(roothub.c.o)
                0x0000000000024804                DeviceDescriptor
                0x0000000000024818                ConfigurationDescriptor
                0x0000000000024834                String0
                0x0000000000024838                String1
                0x000000000002485c                HubDescriptor
 .data          0x0000000000024865        0x0 ./libcsud.a(broadcom2835.c.o)
 .data          0x0000000000024865        0x0 ./libcsud.a(armv6.c.o)
OUTPUT(build/output.elf elf32-littlearm)

.igot.plt       0x0000000000024868        0x0
 .igot.plt      0x0000000000024868        0x0 build/drawing.o

.bss            0x0000000000024868     0x4d60
 .bss           0x0000000000024868        0x0 build/drawing.o
 .bss           0x0000000000024868        0x0 build/framebuffer.o
 .bss           0x0000000000024868        0x0 build/gpio.o
 .bss           0x0000000000024868        0x0 build/keyboard.o
 .bss           0x0000000000024868        0x0 build/mailbox.o
 .bss           0x0000000000024868        0x0 build/main.o
 .bss           0x0000000000024868        0x0 build/math.o
 .bss           0x0000000000024868        0x0 build/random.o
 .bss           0x0000000000024868        0x0 build/systemTimer.o
 .bss           0x0000000000024868        0x0 build/tags.o
 .bss           0x0000000000024868        0x0 build/terminal.o
 .bss           0x0000000000024868        0x0 build/text.o
 .bss           0x0000000000024868       0x14 ./libcsud.a(keyboard.c.o)
                0x0000000000024868                keyboardCount
                0x000000000002486c                keyboardAddresses
 COMMON         0x000000000002487c       0x10 ./libcsud.a(keyboard.c.o)
                0x000000000002487c                keyboards
 .bss           0x000000000002488c        0x8 ./libcsud.a(platform.c.o)
                0x000000000002488c                FirstFreeAllocation
                0x0000000000024890                allocated
 *fill*         0x0000000000024894        0x4 
 COMMON         0x0000000000024898     0x4c00 ./libcsud.a(platform.c.o)
                0x0000000000024898                Heap
                0x0000000000028898                Allocations
 .bss           0x0000000000029498        0x0 ./libcsud.a(usbd.c.o)
 COMMON         0x0000000000029498       0xc0 ./libcsud.a(usbd.c.o)
                0x0000000000029498                InterfaceClassAttach
                0x00000000000294d8                Devices
 .bss           0x0000000000029558        0x0 ./libcsud.a(configuration.c.o)
 .bss           0x0000000000029558        0x0 ./libcsud.a(hub.c.o)
 .bss           0x0000000000029558        0x0 ./libcsud.a(hid.c.o)
 COMMON         0x0000000000029558       0x28 ./libcsud.a(hid.c.o)
                0x0000000000029558                HidUsageAttach
 .bss           0x0000000000029580       0x14 ./libcsud.a(mouse.c.o)
                0x0000000000029580                mouseCount
                0x0000000000029584                mouseAddresses
 COMMON         0x0000000000029594       0x10 ./libcsud.a(mouse.c.o)
                0x0000000000029594                mice
 .bss           0x00000000000295a4       0x14 ./libcsud.a(designware20.c.o)
                0x00000000000295a4                Core
                0x00000000000295a8                Host
                0x00000000000295ac                Power
                0x00000000000295b0                PhyInitialised
                0x00000000000295b4                databuffer
 COMMON         0x00000000000295b8        0xc ./libcsud.a(designware20.c.o)
                0x00000000000295b8                CorePhysical
                0x00000000000295bc                HostPhysical
                0x00000000000295c0                PowerPhysical
 .bss           0x00000000000295c4        0x4 ./libcsud.a(roothub.c.o)
                0x00000000000295c4                RootHubDeviceNumber
 .bss           0x00000000000295c8        0x0 ./libcsud.a(broadcom2835.c.o)
 .bss           0x00000000000295c8        0x0 ./libcsud.a(armv6.c.o)

.ARM.attributes
                0x0000000000000000       0x2c
 .ARM.attributes
                0x0000000000000000       0x14 build/drawing.o
 .ARM.attributes
                0x0000000000000014       0x12 build/framebuffer.o
 .ARM.attributes
                0x0000000000000026       0x12 build/gpio.o
 .ARM.attributes
                0x0000000000000038       0x14 build/keyboard.o
 .ARM.attributes
                0x000000000000004c       0x12 build/mailbox.o
 .ARM.attributes
                0x000000000000005e       0x12 build/main.o
 .ARM.attributes
                0x0000000000000070       0x14 build/math.o
 .ARM.attributes
                0x0000000000000084       0x12 build/random.o
 .ARM.attributes
                0x0000000000000096       0x14 build/systemTimer.o
 .ARM.attributes
                0x00000000000000aa       0x14 build/tags.o
 .ARM.attributes
                0x00000000000000be       0x14 build/terminal.o
 .ARM.attributes
                0x00000000000000d2       0x12 build/text.o
 .ARM.attributes
                0x00000000000000e4       0x30 ./libcsud.a(keyboard.c.o)
 .ARM.attributes
                0x0000000000000114       0x30 ./libcsud.a(platform.c.o)
 .ARM.attributes
                0x0000000000000144       0x30 ./libcsud.a(usbd.c.o)
 .ARM.attributes
                0x0000000000000174       0x30 ./libcsud.a(configuration.c.o)
 .ARM.attributes
                0x00000000000001a4       0x30 ./libcsud.a(hub.c.o)
 .ARM.attributes
                0x00000000000001d4       0x30 ./libcsud.a(hid.c.o)
 .ARM.attributes
                0x0000000000000204       0x30 ./libcsud.a(mouse.c.o)
 .ARM.attributes
                0x0000000000000234       0x30 ./libcsud.a(designware20.c.o)
 .ARM.attributes
                0x0000000000000264       0x30 ./libcsud.a(roothub.c.o)
 .ARM.attributes
                0x0000000000000294       0x30 ./libcsud.a(broadcom2835.c.o)
 .ARM.attributes
                0x00000000000002c4       0x30 ./libcsud.a(armv6.c.o)

.comment        0x0000000000000000       0x6e
 .comment       0x0000000000000000       0x6e ./libcsud.a(keyboard.c.o)
                                         0x6f (size before relaxing)
 .comment       0x000000000000006e       0x6f ./libcsud.a(platform.c.o)
 .comment       0x000000000000006e       0x6f ./libcsud.a(usbd.c.o)
 .comment       0x000000000000006e       0x6f ./libcsud.a(configuration.c.o)
 .comment       0x000000000000006e       0x6f ./libcsud.a(hub.c.o)
 .comment       0x000000000000006e       0x6f ./libcsud.a(hid.c.o)
 .comment       0x000000000000006e       0x6f ./libcsud.a(mouse.c.o)
 .comment       0x000000000000006e       0x6f ./libcsud.a(designware20.c.o)
 .comment       0x000000000000006e       0x6f ./libcsud.a(roothub.c.o)
 .comment       0x000000000000006e       0x6f ./libcsud.a(broadcom2835.c.o)
 .comment       0x000000000000006e       0x6f ./libcsud.a(armv6.c.o)
