
Discarded input sections

 .bss           0x0000000000000000        0x0 build/drawing.o
 .ARM.attributes
                0x0000000000000000       0x14 build/drawing.o
 .bss           0x0000000000000000        0x0 build/framebuffer.o
 .ARM.attributes
                0x0000000000000000       0x14 build/framebuffer.o
 .bss           0x0000000000000000        0x0 build/gpio.o
 .ARM.attributes
                0x0000000000000000       0x14 build/gpio.o
 .bss           0x0000000000000000        0x0 build/mailbox.o
 .ARM.attributes
                0x0000000000000000       0x14 build/mailbox.o
 .bss           0x0000000000000000        0x0 build/main.o
 .ARM.attributes
                0x0000000000000000       0x14 build/main.o
 .bss           0x0000000000000000        0x0 build/random.o
 .ARM.attributes
                0x0000000000000000       0x14 build/random.o
 .bss           0x0000000000000000        0x0 build/systemTimer.o
 .ARM.attributes
                0x0000000000000000       0x14 build/systemTimer.o
 .bss           0x0000000000000000        0x0 build/tags.o
 .ARM.attributes
                0x0000000000000000       0x14 build/tags.o

Memory Configuration

Name             Origin             Length             Attributes
*default*        0x0000000000000000 0xffffffffffffffff

Linker script and memory map

LOAD build/drawing.o
LOAD build/framebuffer.o
LOAD build/gpio.o
LOAD build/mailbox.o
LOAD build/main.o
LOAD build/random.o
LOAD build/systemTimer.o
LOAD build/tags.o

.init           0x0000000000008000        0x4
 *(.init)
 .init          0x0000000000008000        0x4 build/main.o
                0x0000000000008000                _start

.text           0x0000000000008004      0x470
 *(.text)
 .text          0x0000000000008004      0x1d4 build/drawing.o
                0x0000000000008004                SetForeColour
                0x0000000000008018                SetGraphicsAddress
                0x0000000000008024                DrawPixel
                0x000000000000806c                DrawLine
                0x00000000000080e8                DrawCharacter
                0x0000000000008158                DrawString
 .text          0x00000000000081d8       0x60 build/framebuffer.o
                0x00000000000081d8                InitialiseFrameBuffer
 .text          0x0000000000008238       0x98 build/gpio.o
                0x0000000000008238                GetGpioAddress
                0x0000000000008240                SetGpioFunction
                0x0000000000008290                SetGpio
 .text          0x00000000000082d0       0x78 build/mailbox.o
                0x00000000000082d0                GetMailboxBase
                0x00000000000082d8                MailboxWrite
                0x000000000000830c                MailboxRead
 .text          0x0000000000008348       0x64 build/main.o
 .text          0x00000000000083ac       0x18 build/random.o
                0x00000000000083ac                Random
 .text          0x00000000000083c4       0x40 build/systemTimer.o
                0x00000000000083c4                GetTimerAddress
                0x00000000000083cc                GetTimeStamp
                0x00000000000083dc                TimerFunction
 .text          0x0000000000008404       0x70 build/tags.o
                0x0000000000008404                FindTag

.data           0x0000000000008480      0x85c
 *(.data)
 .data          0x0000000000008480      0x810 build/drawing.o
 .data          0x0000000000008c90       0x28 build/framebuffer.o
                0x0000000000008c90                FrameBufferInfo
 .data          0x0000000000008cb8        0x0 build/gpio.o
 .data          0x0000000000008cb8        0x0 build/mailbox.o
 .data          0x0000000000008cb8        0x0 build/main.o
 .data          0x0000000000008cb8        0x0 build/random.o
 .data          0x0000000000008cb8        0x0 build/systemTimer.o
 .data          0x0000000000008cb8       0x24 build/tags.o

/DISCARD/
 *(*)
OUTPUT(build/output.elf elf32-littlearm)
