Archive member included to satisfy reference by file (symbol)

./libcsud.a(keyboard.c.o)     build/keyboard.o (KeyboardGetAddress)
./libcsud.a(platform.c.o)     ./libcsud.a(keyboard.c.o) (MemoryAllocate)
./libcsud.a(usbd.c.o)         build/main.o (UsbInitialise)
./libcsud.a(configuration.c.o)
                              ./libcsud.a(usbd.c.o) (ConfigurationLoad)
./libcsud.a(hub.c.o)          ./libcsud.a(configuration.c.o) (HubLoad)
./libcsud.a(hid.c.o)          ./libcsud.a(keyboard.c.o) (HidUsageAttach)
./libcsud.a(mouse.c.o)        ./libcsud.a(configuration.c.o) (MouseLoad)
./libcsud.a(designware20.c.o)
                              ./libcsud.a(usbd.c.o) (HcdSumbitControlMessage)
./libcsud.a(roothub.c.o)      ./libcsud.a(designware20.c.o) (RootHubDeviceNumber)
./libcsud.a(broadcom2835.c.o)
                              ./libcsud.a(usbd.c.o) (MicroDelay)
./libcsud.a(armv6.c.o)        ./libcsud.a(designware20.c.o) (__aeabi_uidiv)

Allocating common symbols
Common symbol       size              file

CorePhysical        0x4               ./libcsud.a(designware20.c.o)
mice                0x10              ./libcsud.a(mouse.c.o)
InterfaceClassAttach
                    0x40              ./libcsud.a(usbd.c.o)
HostPhysical        0x4               ./libcsud.a(designware20.c.o)
Devices             0x80              ./libcsud.a(usbd.c.o)
HidUsageAttach      0x28              ./libcsud.a(hid.c.o)
keyboards           0x10              ./libcsud.a(keyboard.c.o)
PowerPhysical       0x4               ./libcsud.a(designware20.c.o)
Heap                0x4000            ./libcsud.a(platform.c.o)
Allocations         0xc00             ./libcsud.a(platform.c.o)

Memory Configuration

Name             Origin             Length             Attributes
*default*        0x0000000000000000 0xffffffffffffffff

Linker script and memory map

LOAD build/drawing.o
LOAD build/framebuffer.o
LOAD build/gpio.o
LOAD build/keyboard.o
LOAD build/mailbox.o
LOAD build/main.o
LOAD build/math.o
LOAD build/random.o
LOAD build/systemTimer.o
LOAD build/tags.o
LOAD build/terminal.o
LOAD build/text.o
LOAD ./libcsud.a

.init           0x0000000000008000        0x4
 *(.init)
 .init          0x0000000000008000        0x4 build/main.o
                0x0000000000008000                _start

.text           0x0000000000008004    0x10ac4
 *(.text)
 .text          0x0000000000008004      0x1d4 build/drawing.o
                0x0000000000008004                SetForeColour
                0x0000000000008018                SetGraphicsAddress
                0x0000000000008024                DrawPixel
                0x000000000000806c                DrawLine
                0x00000000000080e8                DrawCharacter
                0x0000000000008158                DrawString
 .text          0x00000000000081d8       0x60 build/framebuffer.o
                0x00000000000081d8                InitialiseFrameBuffer
 .text          0x0000000000008238       0x98 build/gpio.o
                0x0000000000008238                GetGpioAddress
                0x0000000000008240                SetGpioFunction
                0x0000000000008290                SetGpio
 .text          0x00000000000082d0      0x140 build/keyboard.o
                0x00000000000082d0                KeyboardUpdate
                0x0000000000008354                KeyWasDown
                0x0000000000008384                KeyboardGetChar
 .text          0x0000000000008410       0x78 build/mailbox.o
                0x0000000000008410                GetMailboxBase
                0x0000000000008418                MailboxWrite
                0x000000000000844c                MailboxRead
 .text          0x0000000000008488      0x1a0 build/main.o
 .text          0x0000000000008628       0x48 build/math.o
                0x0000000000008628                DivideU32
 .text          0x0000000000008670       0x18 build/random.o
                0x0000000000008670                Random
 .text          0x0000000000008688       0x40 build/systemTimer.o
                0x0000000000008688                GetTimerAddress
                0x0000000000008690                GetTimeStamp
                0x00000000000086a0                TimerFunction
 .text          0x00000000000086c8       0x70 build/tags.o
                0x00000000000086c8                FindTag
 .text          0x0000000000008738      0x488 build/terminal.o
                0x0000000000008770                TerminalDisplay
                0x0000000000008818                TerminalClear
                0x0000000000008830                Print
                0x0000000000008908                ReadLine
                0x00000000000089f0                HardCodeFunctions
 .text          0x0000000000008bc0      0x1e4 build/text.o
                0x0000000000008bc0                ReverseString
                0x0000000000008bec                UnsignedString
                0x0000000000008c3c                SignedString
                0x0000000000008c68                FormatString
 .text          0x0000000000008da4     0x2238 ./libcsud.a(keyboard.c.o)
                0x0000000000008da4                KbdLoad
                0x0000000000008e30                KeyboardIndex
                0x0000000000008ebc                KeyboardGetAddress
                0x0000000000008f60                KeyboardDetached
                0x00000000000090a0                KeyboardDeallocate
                0x0000000000009180                KeyboardAttach
                0x000000000000a0c0                KeyboardCount
                0x000000000000a0e4                KeyboardSetLeds
                0x000000000000a488                KeyboardGetLedSupport
                0x000000000000a510                KeyboardPoll
                0x000000000000acb4                KeyboardGetModifiers
                0x000000000000ad3c                KeyboardGetKeyDownCount
                0x000000000000ade8                KeyboadGetKeyIsDown
                0x000000000000af08                KeyboardGetKeyDown
 .text          0x000000000000afdc      0xca0 ./libcsud.a(platform.c.o)
                0x000000000000afdc                MemoryReserve
                0x000000000000b004                MemoryAllocate
                0x000000000000b9ac                MemoryDeallocate
                0x000000000000bb50                MemoryCopy
                0x000000000000bc44                PlatformLoad
 .text          0x000000000000bc7c     0x1b54 ./libcsud.a(usbd.c.o)
                0x000000000000bcdc                UsbGetRootHub
                0x000000000000bd00                UsbLoad
                0x000000000000bd8c                UsbInitialise
                0x000000000000be24                UsbControlMessage
                0x000000000000bf50                UsbGetDescriptor
                0x000000000000c0d8                UsbGetString
                0x000000000000c184                UsbReadStringLang
                0x000000000000c264                UsbReadString
                0x000000000000c464                UsbReadDeviceDescriptor
                0x000000000000c65c                UsbSetAddress
                0x000000000000c794                UsbSetConfiguration
                0x000000000000c8d0                UsbConfigure
                0x000000000000cc40                UsbGetDescription
                0x000000000000d074                UsbAttachDevice
                0x000000000000d404                UsbAllocateDevice
                0x000000000000d590                UsbDeallocateDevice
                0x000000000000d6e4                UsbAttachRootHub
                0x000000000000d770                UsbCheckForChange
 .text          0x000000000000d7d0       0x30 ./libcsud.a(configuration.c.o)
                0x000000000000d7d0                ConfigurationLoad
 .text          0x000000000000d800     0x20e8 ./libcsud.a(hub.c.o)
                0x000000000000d860                HubLoad
                0x000000000000d88c                HubReadDescriptor
                0x000000000000da58                HubGetStatus
                0x000000000000db84                HubPortGetStatus
                0x000000000000dce4                HubChangeFeature
                0x000000000000de14                HubChangePortFeature
                0x000000000000df74                HubPowerOn
                0x000000000000e06c                HubPortReset
                0x000000000000e238                HubPortConnectionChanged
                0x000000000000e7cc                HubDetached
                0x000000000000e9d0                HubDeallocate
                0x000000000000ec0c                HubCheckForChange
                0x000000000000ee28                HubChildDetached
                0x000000000000ef50                HubChildReset
                0x000000000000f060                HubCheckConnectionDevice
                0x000000000000f200                HubCheckConnection
                0x000000000000f3fc                HubAttach
 .text          0x000000000000f8e8     0x413c ./libcsud.a(hid.c.o)
                0x000000000000f948                HidLoad
                0x000000000000f974                HidGetReport
                0x000000000000fae4                HidSetReport
                0x000000000000fc48                BitSet
                0x000000000000ff2c                BitGetUnsigned
                0x000000000001017c                BitGetSigned
                0x0000000000010200                HidReadDevice
                0x0000000000010610                HidWriteDevice
                0x000000000001095c                HidSetProtocol
                0x0000000000010a78                HidEnumerateReport
                0x0000000000010cac                HidEnumerateActionCountReport
                0x0000000000010ee0                HidEnumerateActionCountField
                0x0000000000011198                HidEnumerateActionAddField
                0x0000000000012854                HidParseReportDescriptor
                0x0000000000012eb0                HidDetached
                0x0000000000012f58                HidDeallocate
                0x000000000001328c                HidAttach
                0x00000000000139d0                HidGetFieldValue
 .text          0x0000000000013a24     0x10e8 ./libcsud.a(mouse.c.o)
                0x0000000000013a24                MouseLoad
                0x0000000000013ab0                MouseIndex
                0x0000000000013b3c                MouseGetAddress
                0x0000000000013be0                MouseDetached
                0x0000000000013d20                MouseDeallocate
                0x0000000000013e00                MouseAttach
                0x00000000000142f0                MouseCount
                0x0000000000014314                MousePoll
                0x00000000000146ac                MouseGetPositionX
                0x0000000000014750                MouseGetPositionY
                0x00000000000147f4                MouseGetWheel
                0x0000000000014898                MouseGetPosition
                0x0000000000014970                MouseGetButtons
                0x00000000000149f8                MouseGetButtonIsPressed
 .text          0x0000000000014b0c     0x311c ./libcsud.a(designware20.c.o)
                0x0000000000014b70                DwcLoad
                0x0000000000014b88                WriteThroughReg
                0x0000000000014bb4                WriteThroughRegMask
                0x0000000000014d0c                ReadBackReg
                0x0000000000014ed0                ClearReg
                0x0000000000014fcc                SetReg
                0x000000000001514c                HcdReset
                0x0000000000015264                HcdTransmitFifoFlush
                0x000000000001538c                HcdReceiveFifoFlush
                0x0000000000015450                HcdPrepareChannel
                0x0000000000015bf4                HcdTransmitChannel
                0x0000000000015dc4                HcdChannelInterruptToError
                0x0000000000015f80                HcdChannelSendWaitOne
                0x00000000000166d8                HcdChannelSendWait
                0x0000000000016994                HcdSumbitControlMessage
                0x0000000000016e8c                HcdInitialise
                0x0000000000017158                HcdStart
                0x0000000000017b60                HcdStop
                0x0000000000017ba0                HcdDeinitialise
 .text          0x0000000000017c28      0xbf4 ./libcsud.a(roothub.c.o)
                0x0000000000017c28                HcdProcessRootHubMessage
 .text          0x000000000001881c      0x128 ./libcsud.a(broadcom2835.c.o)
                0x000000000001881c                Bcm2835Load
                0x0000000000018834                MicroDelay
                0x00000000000188a4                PowerOnUsb
 .text          0x0000000000018944      0x184 ./libcsud.a(armv6.c.o)
                0x0000000000018944                Arm6Load
                0x000000000001895c                __aeabi_uidivmod
                0x0000000000018a90                __aeabi_uidiv

.rodata         0x0000000000018ac8      0x24d
 .rodata        0x0000000000018ac8      0x24d ./libcsud.a(usbd.c.o)

.glue_7         0x0000000000018d18        0x0
 .glue_7        0x0000000000018d18        0x0 linker stubs

.glue_7t        0x0000000000018d18        0x0
 .glue_7t       0x0000000000018d18        0x0 linker stubs

.vfp11_veneer   0x0000000000018d18        0x0
 .vfp11_veneer  0x0000000000018d18        0x0 linker stubs

.v4_bx          0x0000000000018d18        0x0
 .v4_bx         0x0000000000018d18        0x0 linker stubs

.iplt           0x0000000000018d18        0x0
 .iplt          0x0000000000018d18        0x0 build/drawing.o

.rel.dyn        0x0000000000018d18        0x0
 .rel.iplt      0x0000000000018d18        0x0 build/drawing.o

.data           0x0000000000018e00     0xbd65
 *(.data)
 .data          0x0000000000018e00      0x810 build/drawing.o
 .data          0x0000000000019610       0x28 build/framebuffer.o
                0x0000000000019610                FrameBufferInfo
 .data          0x0000000000019638        0x0 build/gpio.o
 .data          0x0000000000019638       0xe0 build/keyboard.o
 .data          0x0000000000019718        0x0 build/mailbox.o
 .data          0x0000000000019718      0x214 build/main.o
 .data          0x000000000001992c        0x0 build/math.o
 .data          0x000000000001992c        0x0 build/random.o
 .data          0x000000000001992c        0x0 build/systemTimer.o
 .data          0x000000000001992c       0x24 build/tags.o
 *fill*         0x0000000000019950       0xb0 
 .data          0x0000000000019a00     0xb100 build/terminal.o
 .data          0x0000000000024b00        0x0 build/text.o
 .data          0x0000000000024b00        0x0 ./libcsud.a(keyboard.c.o)
 .data          0x0000000000024b00        0x4 ./libcsud.a(platform.c.o)
                0x0000000000024b00                FirstAllocation
 .data          0x0000000000024b04        0x0 ./libcsud.a(usbd.c.o)
 .data          0x0000000000024b04        0x0 ./libcsud.a(configuration.c.o)
 .data          0x0000000000024b04        0x0 ./libcsud.a(hub.c.o)
 .data          0x0000000000024b04        0x0 ./libcsud.a(hid.c.o)
 .data          0x0000000000024b04        0x0 ./libcsud.a(mouse.c.o)
 .data          0x0000000000024b04        0x0 ./libcsud.a(designware20.c.o)
 .data          0x0000000000024b04       0x61 ./libcsud.a(roothub.c.o)
                0x0000000000024b04                DeviceDescriptor
                0x0000000000024b18                ConfigurationDescriptor
                0x0000000000024b34                String0
                0x0000000000024b38                String1
                0x0000000000024b5c                HubDescriptor
 .data          0x0000000000024b65        0x0 ./libcsud.a(broadcom2835.c.o)
 .data          0x0000000000024b65        0x0 ./libcsud.a(armv6.c.o)
OUTPUT(build/output.elf elf32-littlearm)

.igot.plt       0x0000000000024b68        0x0
 .igot.plt      0x0000000000024b68        0x0 build/drawing.o

.bss            0x0000000000024b68     0x4d60
 .bss           0x0000000000024b68        0x0 build/drawing.o
 .bss           0x0000000000024b68        0x0 build/framebuffer.o
 .bss           0x0000000000024b68        0x0 build/gpio.o
 .bss           0x0000000000024b68        0x0 build/keyboard.o
 .bss           0x0000000000024b68        0x0 build/mailbox.o
 .bss           0x0000000000024b68        0x0 build/main.o
 .bss           0x0000000000024b68        0x0 build/math.o
 .bss           0x0000000000024b68        0x0 build/random.o
 .bss           0x0000000000024b68        0x0 build/systemTimer.o
 .bss           0x0000000000024b68        0x0 build/tags.o
 .bss           0x0000000000024b68        0x0 build/terminal.o
 .bss           0x0000000000024b68        0x0 build/text.o
 .bss           0x0000000000024b68       0x14 ./libcsud.a(keyboard.c.o)
                0x0000000000024b68                keyboardCount
                0x0000000000024b6c                keyboardAddresses
 COMMON         0x0000000000024b7c       0x10 ./libcsud.a(keyboard.c.o)
                0x0000000000024b7c                keyboards
 .bss           0x0000000000024b8c        0x8 ./libcsud.a(platform.c.o)
                0x0000000000024b8c                FirstFreeAllocation
                0x0000000000024b90                allocated
 *fill*         0x0000000000024b94        0x4 
 COMMON         0x0000000000024b98     0x4c00 ./libcsud.a(platform.c.o)
                0x0000000000024b98                Heap
                0x0000000000028b98                Allocations
 .bss           0x0000000000029798        0x0 ./libcsud.a(usbd.c.o)
 COMMON         0x0000000000029798       0xc0 ./libcsud.a(usbd.c.o)
                0x0000000000029798                InterfaceClassAttach
                0x00000000000297d8                Devices
 .bss           0x0000000000029858        0x0 ./libcsud.a(configuration.c.o)
 .bss           0x0000000000029858        0x0 ./libcsud.a(hub.c.o)
 .bss           0x0000000000029858        0x0 ./libcsud.a(hid.c.o)
 COMMON         0x0000000000029858       0x28 ./libcsud.a(hid.c.o)
                0x0000000000029858                HidUsageAttach
 .bss           0x0000000000029880       0x14 ./libcsud.a(mouse.c.o)
                0x0000000000029880                mouseCount
                0x0000000000029884                mouseAddresses
 COMMON         0x0000000000029894       0x10 ./libcsud.a(mouse.c.o)
                0x0000000000029894                mice
 .bss           0x00000000000298a4       0x14 ./libcsud.a(designware20.c.o)
                0x00000000000298a4                Core
                0x00000000000298a8                Host
                0x00000000000298ac                Power
                0x00000000000298b0                PhyInitialised
                0x00000000000298b4                databuffer
 COMMON         0x00000000000298b8        0xc ./libcsud.a(designware20.c.o)
                0x00000000000298b8                CorePhysical
                0x00000000000298bc                HostPhysical
                0x00000000000298c0                PowerPhysical
 .bss           0x00000000000298c4        0x4 ./libcsud.a(roothub.c.o)
                0x00000000000298c4                RootHubDeviceNumber
 .bss           0x00000000000298c8        0x0 ./libcsud.a(broadcom2835.c.o)
 .bss           0x00000000000298c8        0x0 ./libcsud.a(armv6.c.o)

.ARM.attributes
                0x0000000000000000       0x2c
 .ARM.attributes
                0x0000000000000000       0x14 build/drawing.o
 .ARM.attributes
                0x0000000000000014       0x12 build/framebuffer.o
 .ARM.attributes
                0x0000000000000026       0x12 build/gpio.o
 .ARM.attributes
                0x0000000000000038       0x14 build/keyboard.o
 .ARM.attributes
                0x000000000000004c       0x12 build/mailbox.o
 .ARM.attributes
                0x000000000000005e       0x12 build/main.o
 .ARM.attributes
                0x0000000000000070       0x14 build/math.o
 .ARM.attributes
                0x0000000000000084       0x12 build/random.o
 .ARM.attributes
                0x0000000000000096       0x14 build/systemTimer.o
 .ARM.attributes
                0x00000000000000aa       0x14 build/tags.o
 .ARM.attributes
                0x00000000000000be       0x14 build/terminal.o
 .ARM.attributes
                0x00000000000000d2       0x12 build/text.o
 .ARM.attributes
                0x00000000000000e4       0x30 ./libcsud.a(keyboard.c.o)
 .ARM.attributes
                0x0000000000000114       0x30 ./libcsud.a(platform.c.o)
 .ARM.attributes
                0x0000000000000144       0x30 ./libcsud.a(usbd.c.o)
 .ARM.attributes
                0x0000000000000174       0x30 ./libcsud.a(configuration.c.o)
 .ARM.attributes
                0x00000000000001a4       0x30 ./libcsud.a(hub.c.o)
 .ARM.attributes
                0x00000000000001d4       0x30 ./libcsud.a(hid.c.o)
 .ARM.attributes
                0x0000000000000204       0x30 ./libcsud.a(mouse.c.o)
 .ARM.attributes
                0x0000000000000234       0x30 ./libcsud.a(designware20.c.o)
 .ARM.attributes
                0x0000000000000264       0x30 ./libcsud.a(roothub.c.o)
 .ARM.attributes
                0x0000000000000294       0x30 ./libcsud.a(broadcom2835.c.o)
 .ARM.attributes
                0x00000000000002c4       0x30 ./libcsud.a(armv6.c.o)

.comment        0x0000000000000000       0x6e
 .comment       0x0000000000000000       0x6e ./libcsud.a(keyboard.c.o)
                                         0x6f (size before relaxing)
 .comment       0x000000000000006e       0x6f ./libcsud.a(platform.c.o)
 .comment       0x000000000000006e       0x6f ./libcsud.a(usbd.c.o)
 .comment       0x000000000000006e       0x6f ./libcsud.a(configuration.c.o)
 .comment       0x000000000000006e       0x6f ./libcsud.a(hub.c.o)
 .comment       0x000000000000006e       0x6f ./libcsud.a(hid.c.o)
 .comment       0x000000000000006e       0x6f ./libcsud.a(mouse.c.o)
 .comment       0x000000000000006e       0x6f ./libcsud.a(designware20.c.o)
 .comment       0x000000000000006e       0x6f ./libcsud.a(roothub.c.o)
 .comment       0x000000000000006e       0x6f ./libcsud.a(broadcom2835.c.o)
 .comment       0x000000000000006e       0x6f ./libcsud.a(armv6.c.o)
